truncating existing tables...
writing ground truth to data\ground_truth.json...
loading 500 titles...
loading 20000 subscribers...
loading 3 change_log rows...
generating and loading playback_events (days=56, sessions_per_day=100000)...
playback_events: batch 1 done, 50000 rows so far, 0.5s elapsed
playback_events: batch 2 done, 100000 rows so far, 1.0s elapsed
playback_events: batch 3 done, 150000 rows so far, 1.4s elapsed
playback_events: batch 4 done, 200000 rows so far, 1.9s elapsed
playback_events: batch 5 done, 250000 rows so far, 2.4s elapsed
playback_events: batch 6 done, 300000 rows so far, 2.9s elapsed
playback_events: batch 7 done, 350000 rows so far, 3.4s elapsed
playback_events: batch 8 done, 400000 rows so far, 3.9s elapsed
playback_events: batch 9 done, 450000 rows so far, 4.5s elapsed
playback_events: batch 10 done, 500000 rows so far, 5.1s elapsed
playback_events: batch 11 done, 550000 rows so far, 5.6s elapsed
playback_events: batch 12 done, 600000 rows so far, 6.1s elapsed
playback_events: batch 13 done, 650000 rows so far, 6.5s elapsed
playback_events: batch 14 done, 700000 rows so far, 7.0s elapsed
playback_events: batch 15 done, 750000 rows so far, 7.3s elapsed
playback_events: batch 16 done, 800000 rows so far, 7.8s elapsed
playback_events: batch 17 done, 850000 rows so far, 8.3s elapsed
playback_events: batch 18 done, 900000 rows so far, 8.8s elapsed
playback_events: batch 19 done, 950000 rows so far, 9.3s elapsed
playback_events: batch 20 done, 1000000 rows so far, 9.7s elapsed
playback_events: batch 21 done, 1050000 rows so far, 10.2s elapsed
playback_events: batch 22 done, 1100000 rows so far, 10.6s elapsed
playback_events: batch 23 done, 1150000 rows so far, 11.0s elapsed
playback_events: batch 24 done, 1200000 rows so far, 11.5s elapsed
playback_events: batch 25 done, 1250000 rows so far, 12.0s elapsed
playback_events: batch 26 done, 1300000 rows so far, 12.4s elapsed
playback_events: batch 27 done, 1350000 rows so far, 12.9s elapsed
playback_events: batch 28 done, 1400000 rows so far, 13.5s elapsed
playback_events: batch 29 done, 1450000 rows so far, 14.0s elapsed
playback_events: batch 30 done, 1500000 rows so far, 14.5s elapsed
playback_events: batch 31 done, 1550000 rows so far, 15.1s elapsed
playback_events: batch 32 done, 1600000 rows so far, 15.5s elapsed
playback_events: batch 33 done, 1650000 rows so far, 15.9s elapsed
playback_events: batch 34 done, 1700000 rows so far, 16.3s elapsed
playback_events: batch 35 done, 1750000 rows so far, 16.7s elapsed
playback_events: batch 36 done, 1800000 rows so far, 17.1s elapsed
playback_events: batch 37 done, 1850000 rows so far, 17.5s elapsed
playback_events: batch 38 done, 1900000 rows so far, 18.0s elapsed
playback_events: batch 39 done, 1950000 rows so far, 18.4s elapsed
playback_events: batch 40 done, 2000000 rows so far, 18.9s elapsed
playback_events: batch 41 done, 2050000 rows so far, 19.3s elapsed
playback_events: batch 42 done, 2100000 rows so far, 19.7s elapsed
playback_events: batch 43 done, 2150000 rows so far, 20.2s elapsed
playback_events: batch 44 done, 2200000 rows so far, 20.6s elapsed
playback_events: batch 45 done, 2250000 rows so far, 21.0s elapsed
playback_events: batch 46 done, 2300000 rows so far, 21.4s elapsed
playback_events: batch 47 done, 2350000 rows so far, 21.7s elapsed
playback_events: batch 48 done, 2400000 rows so far, 22.1s elapsed
playback_events: batch 49 done, 2450000 rows so far, 22.6s elapsed
playback_events: batch 50 done, 2500000 rows so far, 23.0s elapsed
playback_events: batch 51 done, 2550000 rows so far, 23.4s elapsed
playback_events: batch 52 done, 2600000 rows so far, 23.8s elapsed
playback_events: batch 53 done, 2650000 rows so far, 24.2s elapsed
playback_events: batch 54 done, 2700000 rows so far, 24.7s elapsed
playback_events: batch 55 done, 2750000 rows so far, 25.2s elapsed
playback_events: batch 56 done, 2800000 rows so far, 25.6s elapsed
playback_events: batch 57 done, 2850000 rows so far, 26.1s elapsed
playback_events: batch 58 done, 2900000 rows so far, 26.6s elapsed
playback_events: batch 59 done, 2950000 rows so far, 27.0s elapsed
playback_events: batch 60 done, 3000000 rows so far, 27.4s elapsed
playback_events: batch 61 done, 3050000 rows so far, 27.8s elapsed
playback_events: batch 62 done, 3100000 rows so far, 28.1s elapsed
playback_events: batch 63 done, 3150000 rows so far, 28.4s elapsed
playback_events: batch 64 done, 3200000 rows so far, 28.8s elapsed
playback_events: batch 65 done, 3250000 rows so far, 29.3s elapsed
playback_events: batch 66 done, 3300000 rows so far, 29.7s elapsed
playback_events: batch 67 done, 3350000 rows so far, 30.0s elapsed
playback_events: batch 68 done, 3400000 rows so far, 30.4s elapsed
playback_events: batch 69 done, 3450000 rows so far, 30.8s elapsed
playback_events: batch 70 done, 3500000 rows so far, 31.3s elapsed
playback_events: batch 71 done, 3550000 rows so far, 31.7s elapsed
playback_events: batch 72 done, 3600000 rows so far, 32.1s elapsed
playback_events: batch 73 done, 3650000 rows so far, 32.6s elapsed
playback_events: batch 74 done, 3700000 rows so far, 33.0s elapsed
playback_events: batch 75 done, 3750000 rows so far, 33.4s elapsed
playback_events: batch 76 done, 3800000 rows so far, 33.9s elapsed
playback_events: batch 77 done, 3850000 rows so far, 34.4s elapsed
playback_events: batch 78 done, 3900000 rows so far, 34.9s elapsed
playback_events: batch 79 done, 3950000 rows so far, 35.4s elapsed
playback_events: batch 80 done, 4000000 rows so far, 36.0s elapsed
playback_events: batch 81 done, 4050000 rows so far, 36.4s elapsed
playback_events: batch 82 done, 4100000 rows so far, 36.9s elapsed
playback_events: batch 83 done, 4150000 rows so far, 37.3s elapsed
playback_events: batch 84 done, 4200000 rows so far, 37.7s elapsed
playback_events: batch 85 done, 4250000 rows so far, 38.1s elapsed
playback_events: batch 86 done, 4300000 rows so far, 38.5s elapsed
playback_events: batch 87 done, 4350000 rows so far, 38.9s elapsed
playback_events: batch 88 done, 4400000 rows so far, 39.4s elapsed
playback_events: batch 89 done, 4450000 rows so far, 39.8s elapsed
playback_events: batch 90 done, 4500000 rows so far, 40.3s elapsed
playback_events: batch 91 done, 4550000 rows so far, 40.7s elapsed
playback_events: batch 92 done, 4600000 rows so far, 41.2s elapsed
playback_events: batch 93 done, 4650000 rows so far, 41.6s elapsed
playback_events: batch 94 done, 4700000 rows so far, 42.0s elapsed
playback_events: batch 95 done, 4750000 rows so far, 42.4s elapsed
playback_events: batch 96 done, 4800000 rows so far, 42.8s elapsed
playback_events: batch 97 done, 4850000 rows so far, 43.3s elapsed
playback_events: batch 98 done, 4900000 rows so far, 43.8s elapsed
playback_events: batch 99 done, 4950000 rows so far, 44.3s elapsed
playback_events: batch 100 done, 5000000 rows so far, 44.8s elapsed
playback_events: batch 101 done, 5050000 rows so far, 45.3s elapsed
playback_events: batch 102 done, 5100000 rows so far, 45.7s elapsed
playback_events: batch 103 done, 5150000 rows so far, 46.2s elapsed
playback_events: batch 104 done, 5200000 rows so far, 46.8s elapsed
playback_events: batch 105 done, 5250000 rows so far, 47.2s elapsed
playback_events: batch 106 done, 5300000 rows so far, 47.7s elapsed
playback_events: batch 107 done, 5350000 rows so far, 48.2s elapsed
playback_events: batch 108 done, 5400000 rows so far, 48.6s elapsed
playback_events: batch 109 done, 5450000 rows so far, 49.1s elapsed
playback_events: batch 110 done, 5500000 rows so far, 49.6s elapsed
playback_events: batch 111 done, 5550000 rows so far, 50.0s elapsed
playback_events: batch 112 done, 5600000 rows so far, 50.4s elapsed
playback_events: batch 113 done, 5650000 rows so far, 50.8s elapsed
playback_events: batch 114 done, 5700000 rows so far, 51.2s elapsed
playback_events: batch 115 done, 5750000 rows so far, 51.8s elapsed
playback_events: batch 116 done, 5800000 rows so far, 52.3s elapsed
playback_events: batch 117 done, 5850000 rows so far, 52.8s elapsed
playback_events: batch 118 done, 5900000 rows so far, 53.3s elapsed
playback_events: batch 119 done, 5950000 rows so far, 53.8s elapsed
playback_events: batch 120 done, 6000000 rows so far, 54.3s elapsed
playback_events: batch 121 done, 6050000 rows so far, 54.8s elapsed
playback_events: batch 122 done, 6100000 rows so far, 55.3s elapsed
playback_events: batch 123 done, 6150000 rows so far, 55.9s elapsed
playback_events: batch 124 done, 6200000 rows so far, 56.4s elapsed
playback_events: batch 125 done, 6250000 rows so far, 57.0s elapsed
playback_events: batch 126 done, 6300000 rows so far, 57.6s elapsed
playback_events: batch 127 done, 6350000 rows so far, 58.2s elapsed
playback_events: batch 128 done, 6400000 rows so far, 58.7s elapsed
playback_events: batch 129 done, 6450000 rows so far, 59.3s elapsed
playback_events: batch 130 done, 6500000 rows so far, 59.9s elapsed
playback_events: batch 131 done, 6550000 rows so far, 60.5s elapsed
playback_events: batch 132 done, 6600000 rows so far, 61.1s elapsed
playback_events: batch 133 done, 6650000 rows so far, 61.7s elapsed
playback_events: batch 134 done, 6700000 rows so far, 62.2s elapsed
playback_events: batch 135 done, 6750000 rows so far, 62.8s elapsed
playback_events: batch 136 done, 6800000 rows so far, 63.6s elapsed
playback_events: batch 137 done, 6850000 rows so far, 64.1s elapsed
playback_events: batch 138 done, 6900000 rows so far, 64.6s elapsed
playback_events: batch 139 done, 6950000 rows so far, 65.2s elapsed
playback_events: batch 140 done, 7000000 rows so far, 66.0s elapsed
playback_events: batch 141 done, 7050000 rows so far, 66.8s elapsed
playback_events: batch 142 done, 7100000 rows so far, 67.5s elapsed
playback_events: batch 143 done, 7150000 rows so far, 68.1s elapsed
playback_events: batch 144 done, 7200000 rows so far, 68.6s elapsed
playback_events: batch 145 done, 7250000 rows so far, 69.2s elapsed
playback_events: batch 146 done, 7300000 rows so far, 69.8s elapsed
playback_events: batch 147 done, 7350000 rows so far, 70.5s elapsed
playback_events: batch 148 done, 7400000 rows so far, 71.0s elapsed
playback_events: batch 149 done, 7450000 rows so far, 71.6s elapsed
playback_events: batch 150 done, 7500000 rows so far, 72.1s elapsed
playback_events: batch 151 done, 7550000 rows so far, 72.6s elapsed
playback_events: batch 152 done, 7600000 rows so far, 73.2s elapsed
playback_events: batch 153 done, 7650000 rows so far, 73.7s elapsed
playback_events: batch 154 done, 7700000 rows so far, 74.3s elapsed
playback_events: batch 155 done, 7750000 rows so far, 74.8s elapsed
playback_events: batch 156 done, 7800000 rows so far, 75.3s elapsed
playback_events: batch 157 done, 7850000 rows so far, 75.9s elapsed
playback_events: batch 158 done, 7900000 rows so far, 76.4s elapsed
playback_events: batch 159 done, 7950000 rows so far, 76.9s elapsed
playback_events: batch 160 done, 8000000 rows so far, 77.4s elapsed
playback_events: batch 161 done, 8050000 rows so far, 78.0s elapsed
playback_events: batch 162 done, 8100000 rows so far, 78.7s elapsed
playback_events: batch 163 done, 8150000 rows so far, 79.5s elapsed
playback_events: batch 164 done, 8200000 rows so far, 80.4s elapsed
playback_events: batch 165 done, 8250000 rows so far, 81.0s elapsed
playback_events: batch 166 done, 8300000 rows so far, 81.5s elapsed
playback_events: batch 167 done, 8350000 rows so far, 82.1s elapsed
playback_events: batch 168 done, 8400000 rows so far, 82.7s elapsed
playback_events: batch 169 done, 8450000 rows so far, 83.3s elapsed
playback_events: batch 170 done, 8500000 rows so far, 83.9s elapsed
playback_events: batch 171 done, 8550000 rows so far, 84.4s elapsed
playback_events: batch 172 done, 8600000 rows so far, 85.0s elapsed
playback_events: batch 173 done, 8650000 rows so far, 85.6s elapsed
playback_events: batch 174 done, 8700000 rows so far, 86.1s elapsed
playback_events: batch 175 done, 8750000 rows so far, 86.8s elapsed
playback_events: batch 176 done, 8800000 rows so far, 87.3s elapsed
playback_events: batch 177 done, 8850000 rows so far, 87.9s elapsed
playback_events: batch 178 done, 8900000 rows so far, 88.4s elapsed
playback_events: batch 179 done, 8950000 rows so far, 89.0s elapsed
playback_events: batch 180 done, 9000000 rows so far, 89.5s elapsed
playback_events: batch 181 done, 9050000 rows so far, 90.1s elapsed
playback_events: batch 182 done, 9100000 rows so far, 90.7s elapsed
playback_events: batch 183 done, 9150000 rows so far, 91.4s elapsed
playback_events: batch 184 done, 9200000 rows so far, 92.1s elapsed
playback_events: batch 185 done, 9250000 rows so far, 92.7s elapsed
playback_events: batch 186 done, 9300000 rows so far, 93.4s elapsed
playback_events: batch 187 done, 9350000 rows so far, 94.2s elapsed
playback_events: batch 188 done, 9400000 rows so far, 94.9s elapsed
playback_events: batch 189 done, 9450000 rows so far, 95.4s elapsed
playback_events: batch 190 done, 9500000 rows so far, 96.0s elapsed
playback_events: batch 191 done, 9550000 rows so far, 96.7s elapsed
playback_events: batch 192 done, 9600000 rows so far, 97.2s elapsed
playback_events: batch 193 done, 9650000 rows so far, 98.2s elapsed
playback_events: batch 194 done, 9700000 rows so far, 98.9s elapsed
playback_events: batch 195 done, 9750000 rows so far, 99.6s elapsed
playback_events: batch 196 done, 9800000 rows so far, 100.1s elapsed
playback_events: batch 197 done, 9850000 rows so far, 100.7s elapsed
playback_events: batch 198 done, 9900000 rows so far, 101.3s elapsed
playback_events: batch 199 done, 9950000 rows so far, 101.9s elapsed
playback_events: batch 200 done, 10000000 rows so far, 102.5s elapsed
playback_events: batch 201 done, 10050000 rows so far, 103.0s elapsed
playback_events: batch 202 done, 10100000 rows so far, 103.6s elapsed
playback_events: batch 203 done, 10150000 rows so far, 104.2s elapsed
playback_events: batch 204 done, 10200000 rows so far, 104.8s elapsed
playback_events: batch 205 done, 10250000 rows so far, 105.4s elapsed
playback_events: batch 206 done, 10300000 rows so far, 105.9s elapsed
playback_events: batch 207 done, 10350000 rows so far, 106.5s elapsed
playback_events: batch 208 done, 10400000 rows so far, 107.3s elapsed
playback_events: batch 209 done, 10450000 rows so far, 108.2s elapsed
playback_events: batch 210 done, 10500000 rows so far, 109.5s elapsed
playback_events: batch 211 done, 10550000 rows so far, 110.2s elapsed
playback_events: batch 212 done, 10600000 rows so far, 111.1s elapsed
playback_events: batch 213 done, 10650000 rows so far, 112.3s elapsed
playback_events: batch 214 done, 10700000 rows so far, 113.0s elapsed
playback_events: batch 215 done, 10750000 rows so far, 113.6s elapsed
playback_events: batch 216 done, 10800000 rows so far, 114.2s elapsed
playback_events: batch 217 done, 10850000 rows so far, 114.8s elapsed
playback_events: batch 218 done, 10900000 rows so far, 115.3s elapsed
playback_events: batch 219 done, 10950000 rows so far, 115.8s elapsed
playback_events: batch 220 done, 11000000 rows so far, 116.4s elapsed
playback_events: batch 221 done, 11050000 rows so far, 116.9s elapsed
playback_events: batch 222 done, 11100000 rows so far, 117.5s elapsed
playback_events: batch 223 done, 11150000 rows so far, 118.0s elapsed
playback_events: batch 224 done, 11200000 rows so far, 118.6s elapsed
playback_events: batch 225 done, 11250000 rows so far, 119.2s elapsed
playback_events: batch 226 done, 11300000 rows so far, 119.7s elapsed
playback_events: batch 227 done, 11350000 rows so far, 120.3s elapsed
playback_events: batch 228 done, 11400000 rows so far, 120.8s elapsed
playback_events: batch 229 done, 11450000 rows so far, 121.4s elapsed
playback_events: batch 230 done, 11500000 rows so far, 122.0s elapsed
playback_events: batch 231 done, 11550000 rows so far, 122.8s elapsed
playback_events: batch 232 done, 11600000 rows so far, 123.7s elapsed
playback_events: batch 233 done, 11650000 rows so far, 124.2s elapsed
playback_events: batch 234 done, 11700000 rows so far, 124.7s elapsed
playback_events: batch 235 done, 11750000 rows so far, 125.2s elapsed
playback_events: batch 236 done, 11800000 rows so far, 125.8s elapsed
playback_events: batch 237 done, 11850000 rows so far, 126.4s elapsed
playback_events: batch 238 done, 11900000 rows so far, 127.0s elapsed
playback_events: batch 239 done, 11950000 rows so far, 127.5s elapsed
playback_events: batch 240 done, 12000000 rows so far, 128.2s elapsed
playback_events: batch 241 done, 12050000 rows so far, 128.8s elapsed
playback_events: batch 242 done, 12100000 rows so far, 129.3s elapsed
playback_events: batch 243 done, 12150000 rows so far, 130.0s elapsed
playback_events: batch 244 done, 12200000 rows so far, 130.5s elapsed
playback_events: batch 245 done, 12250000 rows so far, 131.1s elapsed
playback_events: batch 246 done, 12300000 rows so far, 131.6s elapsed
playback_events: batch 247 done, 12350000 rows so far, 132.3s elapsed
playback_events: batch 248 done, 12400000 rows so far, 132.9s elapsed
playback_events: batch 249 done, 12450000 rows so far, 133.5s elapsed
playback_events: batch 250 done, 12500000 rows so far, 134.0s elapsed
playback_events: batch 251 done, 12550000 rows so far, 134.6s elapsed
playback_events: batch 252 done, 12600000 rows so far, 135.4s elapsed
playback_events: batch 253 done, 12650000 rows so far, 136.0s elapsed
playback_events: batch 254 done, 12700000 rows so far, 136.5s elapsed
playback_events: batch 255 done, 12750000 rows so far, 137.0s elapsed
playback_events: batch 256 done, 12800000 rows so far, 137.6s elapsed
playback_events: batch 257 done, 12850000 rows so far, 138.3s elapsed
playback_events: batch 258 done, 12900000 rows so far, 139.0s elapsed
playback_events: batch 259 done, 12950000 rows so far, 139.6s elapsed
playback_events: batch 260 done, 13000000 rows so far, 140.2s elapsed
playback_events: batch 261 done, 13050000 rows so far, 140.8s elapsed
playback_events: batch 262 done, 13100000 rows so far, 141.4s elapsed
playback_events: batch 263 done, 13150000 rows so far, 142.1s elapsed
playback_events: batch 264 done, 13200000 rows so far, 142.7s elapsed
playback_events: batch 265 done, 13250000 rows so far, 143.4s elapsed
playback_events: batch 266 done, 13300000 rows so far, 144.0s elapsed
playback_events: batch 267 done, 13350000 rows so far, 144.6s elapsed
playback_events: batch 268 done, 13400000 rows so far, 145.1s elapsed
playback_events: batch 269 done, 13450000 rows so far, 145.7s elapsed
playback_events: batch 270 done, 13500000 rows so far, 146.2s elapsed
playback_events: batch 271 done, 13550000 rows so far, 146.7s elapsed
playback_events: batch 272 done, 13600000 rows so far, 147.2s elapsed
playback_events: batch 273 done, 13650000 rows so far, 147.7s elapsed
playback_events: batch 274 done, 13700000 rows so far, 148.3s elapsed
playback_events: batch 275 done, 13750000 rows so far, 148.8s elapsed
playback_events: batch 276 done, 13800000 rows so far, 149.4s elapsed
playback_events: batch 277 done, 13850000 rows so far, 149.9s elapsed
playback_events: batch 278 done, 13900000 rows so far, 150.5s elapsed
playback_events: batch 279 done, 13950000 rows so far, 151.1s elapsed
playback_events: batch 280 done, 14000000 rows so far, 151.6s elapsed
playback_events: batch 281 done, 14050000 rows so far, 152.1s elapsed
playback_events: batch 282 done, 14100000 rows so far, 152.7s elapsed
playback_events: batch 283 done, 14150000 rows so far, 153.3s elapsed
playback_events: batch 284 done, 14200000 rows so far, 153.9s elapsed
playback_events: batch 285 done, 14250000 rows so far, 154.5s elapsed
playback_events: batch 286 done, 14300000 rows so far, 155.1s elapsed
playback_events: batch 287 done, 14350000 rows so far, 155.7s elapsed
playback_events: batch 288 done, 14400000 rows so far, 156.2s elapsed
playback_events: batch 289 done, 14450000 rows so far, 156.7s elapsed
playback_events: batch 290 done, 14500000 rows so far, 157.2s elapsed
playback_events: batch 291 done, 14550000 rows so far, 157.8s elapsed
playback_events: batch 292 done, 14600000 rows so far, 158.3s elapsed
playback_events: batch 293 done, 14650000 rows so far, 158.8s elapsed
playback_events: batch 294 done, 14700000 rows so far, 159.3s elapsed
playback_events: batch 295 done, 14750000 rows so far, 159.9s elapsed
playback_events: batch 296 done, 14800000 rows so far, 160.5s elapsed
playback_events: batch 297 done, 14850000 rows so far, 161.0s elapsed
playback_events: batch 298 done, 14900000 rows so far, 161.5s elapsed
playback_events: batch 299 done, 14950000 rows so far, 162.0s elapsed
playback_events: batch 300 done, 15000000 rows so far, 162.6s elapsed
playback_events: batch 301 done, 15050000 rows so far, 163.1s elapsed
playback_events: batch 302 done, 15100000 rows so far, 163.6s elapsed
playback_events: batch 303 done, 15150000 rows so far, 164.1s elapsed
playback_events: batch 304 done, 15200000 rows so far, 164.6s elapsed
playback_events: batch 305 done, 15250000 rows so far, 165.2s elapsed
playback_events: batch 306 done, 15300000 rows so far, 165.8s elapsed
playback_events: batch 307 done, 15350000 rows so far, 166.4s elapsed
playback_events: batch 308 done, 15400000 rows so far, 166.9s elapsed
playback_events: batch 309 done, 15450000 rows so far, 167.4s elapsed
playback_events: batch 310 done, 15500000 rows so far, 167.9s elapsed
playback_events: batch 311 done, 15550000 rows so far, 168.5s elapsed
playback_events: batch 312 done, 15600000 rows so far, 169.0s elapsed
playback_events: batch 313 done, 15650000 rows so far, 169.5s elapsed
playback_events: batch 314 done, 15700000 rows so far, 170.0s elapsed
playback_events: batch 315 done, 15750000 rows so far, 170.5s elapsed
playback_events: batch 316 done, 15800000 rows so far, 171.1s elapsed
playback_events: batch 317 done, 15850000 rows so far, 171.7s elapsed
playback_events: batch 318 done, 15900000 rows so far, 172.2s elapsed
playback_events: batch 319 done, 15950000 rows so far, 172.7s elapsed
playback_events: batch 320 done, 16000000 rows so far, 173.2s elapsed
playback_events: batch 321 done, 16050000 rows so far, 173.7s elapsed
playback_events: batch 322 done, 16100000 rows so far, 174.2s elapsed
playback_events: batch 323 done, 16150000 rows so far, 174.7s elapsed
playback_events: batch 324 done, 16200000 rows so far, 175.3s elapsed
playback_events: batch 325 done, 16250000 rows so far, 175.8s elapsed
playback_events: batch 326 done, 16300000 rows so far, 176.4s elapsed
playback_events: batch 327 done, 16350000 rows so far, 176.9s elapsed
playback_events: batch 328 done, 16400000 rows so far, 177.4s elapsed
playback_events: batch 329 done, 16450000 rows so far, 177.9s elapsed
playback_events: batch 330 done, 16500000 rows so far, 178.4s elapsed
playback_events: batch 331 done, 16550000 rows so far, 179.0s elapsed
playback_events: batch 332 done, 16600000 rows so far, 179.4s elapsed
playback_events: batch 333 done, 16650000 rows so far, 179.9s elapsed
playback_events: batch 334 done, 16700000 rows so far, 180.3s elapsed
playback_events: batch 335 done, 16750000 rows so far, 180.8s elapsed
playback_events: batch 336 done, 16800000 rows so far, 181.3s elapsed
playback_events: batch 337 done, 16850000 rows so far, 181.7s elapsed
playback_events: batch 338 done, 16900000 rows so far, 182.2s elapsed
playback_events: batch 339 done, 16950000 rows so far, 182.6s elapsed
playback_events: batch 340 done, 17000000 rows so far, 183.1s elapsed
playback_events: batch 341 done, 17050000 rows so far, 183.6s elapsed
playback_events: batch 342 done, 17100000 rows so far, 184.1s elapsed
playback_events: batch 343 done, 17150000 rows so far, 184.6s elapsed
playback_events: batch 344 done, 17200000 rows so far, 185.0s elapsed
playback_events: batch 345 done, 17250000 rows so far, 185.5s elapsed
playback_events: batch 346 done, 17300000 rows so far, 186.0s elapsed
playback_events: batch 347 done, 17350000 rows so far, 186.6s elapsed
playback_events: batch 348 done, 17400000 rows so far, 187.1s elapsed
playback_events: batch 349 done, 17450000 rows so far, 187.6s elapsed
playback_events: batch 350 done, 17500000 rows so far, 188.1s elapsed
playback_events: batch 351 done, 17550000 rows so far, 188.6s elapsed
playback_events: batch 352 done, 17600000 rows so far, 189.1s elapsed
playback_events: batch 353 done, 17650000 rows so far, 189.5s elapsed
playback_events: batch 354 done, 17700000 rows so far, 190.1s elapsed
playback_events: batch 355 done, 17750000 rows so far, 190.6s elapsed
playback_events: batch 356 done, 17800000 rows so far, 191.1s elapsed
playback_events: batch 357 done, 17850000 rows so far, 191.6s elapsed
playback_events: batch 358 done, 17900000 rows so far, 192.1s elapsed
playback_events: batch 359 done, 17950000 rows so far, 192.6s elapsed
playback_events: batch 360 done, 18000000 rows so far, 193.0s elapsed
playback_events: batch 361 done, 18050000 rows so far, 193.5s elapsed
playback_events: batch 362 done, 18100000 rows so far, 194.1s elapsed
playback_events: batch 363 done, 18150000 rows so far, 194.6s elapsed
playback_events: batch 364 done, 18200000 rows so far, 195.0s elapsed
playback_events: batch 365 done, 18250000 rows so far, 195.5s elapsed
playback_events: batch 366 done, 18300000 rows so far, 195.9s elapsed
playback_events: batch 367 done, 18350000 rows so far, 196.4s elapsed
playback_events: batch 368 done, 18400000 rows so far, 196.8s elapsed
playback_events: batch 369 done, 18450000 rows so far, 197.4s elapsed
playback_events: batch 370 done, 18500000 rows so far, 197.9s elapsed
playback_events: batch 371 done, 18550000 rows so far, 198.4s elapsed
playback_events: batch 372 done, 18600000 rows so far, 198.9s elapsed
playback_events: batch 373 done, 18650000 rows so far, 199.5s elapsed
playback_events: batch 374 done, 18700000 rows so far, 200.1s elapsed
playback_events: batch 375 done, 18750000 rows so far, 200.6s elapsed
playback_events: batch 376 done, 18800000 rows so far, 201.1s elapsed
playback_events: batch 377 done, 18850000 rows so far, 201.6s elapsed
playback_events: batch 378 done, 18900000 rows so far, 202.0s elapsed
playback_events: batch 379 done, 18950000 rows so far, 202.4s elapsed
playback_events: batch 380 done, 19000000 rows so far, 202.9s elapsed
playback_events: batch 381 done, 19050000 rows so far, 203.4s elapsed
playback_events: batch 382 done, 19100000 rows so far, 203.8s elapsed
playback_events: batch 383 done, 19150000 rows so far, 204.2s elapsed
playback_events: batch 384 done, 19200000 rows so far, 204.7s elapsed
playback_events: batch 385 done, 19250000 rows so far, 205.2s elapsed
playback_events: batch 386 done, 19300000 rows so far, 205.6s elapsed
playback_events: batch 387 done, 19350000 rows so far, 206.1s elapsed
playback_events: batch 388 done, 19400000 rows so far, 206.5s elapsed
playback_events: batch 389 done, 19450000 rows so far, 206.9s elapsed
playback_events: batch 390 done, 19500000 rows so far, 207.4s elapsed
playback_events: batch 391 done, 19550000 rows so far, 207.9s elapsed
playback_events: batch 392 done, 19600000 rows so far, 208.3s elapsed
playback_events: batch 393 done, 19650000 rows so far, 208.8s elapsed
playback_events: batch 394 done, 19700000 rows so far, 209.2s elapsed
playback_events: batch 395 done, 19750000 rows so far, 209.7s elapsed
playback_events: batch 396 done, 19800000 rows so far, 210.2s elapsed
playback_events: batch 397 done, 19850000 rows so far, 210.7s elapsed
playback_events: batch 398 done, 19900000 rows so far, 211.1s elapsed
playback_events: batch 399 done, 19950000 rows so far, 211.7s elapsed
playback_events: batch 400 done, 20000000 rows so far, 212.3s elapsed
playback_events: batch 401 done, 20050000 rows so far, 212.9s elapsed
playback_events: batch 402 done, 20100000 rows so far, 213.4s elapsed
playback_events: batch 403 done, 20150000 rows so far, 213.8s elapsed
playback_events: batch 404 done, 20200000 rows so far, 214.3s elapsed
playback_events: batch 405 done, 20250000 rows so far, 214.8s elapsed
playback_events: batch 406 done, 20300000 rows so far, 215.2s elapsed
playback_events: batch 407 done, 20350000 rows so far, 215.7s elapsed
playback_events: batch 408 done, 20400000 rows so far, 216.2s elapsed
playback_events: batch 409 done, 20450000 rows so far, 216.7s elapsed
playback_events: batch 410 done, 20500000 rows so far, 217.2s elapsed
playback_events: batch 411 done, 20550000 rows so far, 217.6s elapsed
playback_events: batch 412 done, 20600000 rows so far, 218.1s elapsed
playback_events: batch 413 done, 20650000 rows so far, 218.6s elapsed
playback_events: batch 414 done, 20700000 rows so far, 219.1s elapsed
playback_events: batch 415 done, 20750000 rows so far, 219.5s elapsed
playback_events: batch 416 done, 20800000 rows so far, 220.0s elapsed
playback_events: batch 417 done, 20850000 rows so far, 220.5s elapsed
playback_events: batch 418 done, 20900000 rows so far, 221.1s elapsed
playback_events: batch 419 done, 20950000 rows so far, 221.6s elapsed
playback_events: batch 420 done, 21000000 rows so far, 222.1s elapsed
playback_events: batch 421 done, 21050000 rows so far, 222.5s elapsed
playback_events: batch 422 done, 21100000 rows so far, 223.0s elapsed
playback_events: batch 423 done, 21150000 rows so far, 223.6s elapsed
playback_events: batch 424 done, 21200000 rows so far, 224.1s elapsed
playback_events: batch 425 done, 21250000 rows so far, 224.6s elapsed
playback_events: batch 426 done, 21300000 rows so far, 225.1s elapsed
playback_events: batch 427 done, 21350000 rows so far, 225.6s elapsed
playback_events: batch 428 done, 21400000 rows so far, 226.1s elapsed
playback_events: batch 429 done, 21450000 rows so far, 226.6s elapsed
playback_events: batch 430 done, 21500000 rows so far, 227.0s elapsed
playback_events: batch 431 done, 21550000 rows so far, 227.5s elapsed
playback_events: batch 432 done, 21600000 rows so far, 227.9s elapsed
playback_events: batch 433 done, 21650000 rows so far, 228.4s elapsed
playback_events: batch 434 done, 21700000 rows so far, 228.9s elapsed
playback_events: batch 435 done, 21750000 rows so far, 229.4s elapsed
playback_events: batch 436 done, 21800000 rows so far, 229.9s elapsed
playback_events: batch 437 done, 21850000 rows so far, 230.3s elapsed
playback_events: batch 438 done, 21900000 rows so far, 230.8s elapsed
playback_events: batch 439 done, 21950000 rows so far, 231.3s elapsed
playback_events: batch 440 done, 22000000 rows so far, 231.8s elapsed
playback_events: batch 441 done, 22050000 rows so far, 232.3s elapsed
playback_events: batch 442 done, 22100000 rows so far, 232.8s elapsed
playback_events: batch 443 done, 22150000 rows so far, 233.3s elapsed
playback_events: batch 444 done, 22200000 rows so far, 233.8s elapsed
playback_events: batch 445 done, 22250000 rows so far, 234.3s elapsed
playback_events: batch 446 done, 22300000 rows so far, 234.8s elapsed
playback_events: batch 447 done, 22350000 rows so far, 235.4s elapsed
playback_events: batch 448 done, 22400000 rows so far, 235.9s elapsed
playback_events: batch 449 done, 22450000 rows so far, 236.4s elapsed
playback_events: batch 450 done, 22500000 rows so far, 236.9s elapsed
playback_events: batch 451 done, 22550000 rows so far, 237.4s elapsed
playback_events: batch 452 done, 22600000 rows so far, 237.9s elapsed
playback_events: batch 453 done, 22650000 rows so far, 238.3s elapsed
playback_events: batch 454 done, 22700000 rows so far, 238.8s elapsed
playback_events: batch 455 done, 22750000 rows so far, 239.3s elapsed
playback_events: batch 456 done, 22800000 rows so far, 239.8s elapsed
playback_events: batch 457 done, 22850000 rows so far, 240.3s elapsed
playback_events: batch 458 done, 22900000 rows so far, 240.7s elapsed
playback_events: batch 459 done, 22950000 rows so far, 241.2s elapsed
playback_events: batch 460 done, 23000000 rows so far, 241.7s elapsed
playback_events: batch 461 done, 23050000 rows so far, 242.1s elapsed
playback_events: batch 462 done, 23100000 rows so far, 242.5s elapsed
playback_events: batch 463 done, 23150000 rows so far, 243.0s elapsed
playback_events: batch 464 done, 23200000 rows so far, 243.4s elapsed
playback_events: batch 465 done, 23250000 rows so far, 243.9s elapsed
playback_events: batch 466 done, 23300000 rows so far, 244.4s elapsed
playback_events: batch 467 done, 23350000 rows so far, 244.8s elapsed
playback_events: batch 468 done, 23400000 rows so far, 245.3s elapsed
playback_events: batch 469 done, 23450000 rows so far, 245.8s elapsed
playback_events: batch 470 done, 23500000 rows so far, 246.2s elapsed
playback_events: batch 471 done, 23550000 rows so far, 246.7s elapsed
playback_events: batch 472 done, 23600000 rows so far, 247.1s elapsed
playback_events: batch 473 done, 23650000 rows so far, 247.6s elapsed
playback_events: batch 474 done, 23700000 rows so far, 248.0s elapsed
playback_events: batch 475 done, 23750000 rows so far, 248.4s elapsed
playback_events: batch 476 done, 23800000 rows so far, 248.9s elapsed
playback_events: batch 477 done, 23850000 rows so far, 249.4s elapsed
playback_events: batch 478 done, 23900000 rows so far, 249.9s elapsed
playback_events: batch 479 done, 23950000 rows so far, 250.4s elapsed
playback_events: batch 480 done, 24000000 rows so far, 250.9s elapsed
playback_events: batch 481 done, 24050000 rows so far, 251.4s elapsed
playback_events: batch 482 done, 24100000 rows so far, 251.8s elapsed
playback_events: batch 483 done, 24150000 rows so far, 252.3s elapsed
playback_events: batch 484 done, 24200000 rows so far, 252.8s elapsed
playback_events: batch 485 done, 24250000 rows so far, 253.4s elapsed
playback_events: batch 486 done, 24300000 rows so far, 254.0s elapsed
playback_events: batch 487 done, 24350000 rows so far, 254.5s elapsed
playback_events: batch 488 done, 24400000 rows so far, 255.0s elapsed
playback_events: batch 489 done, 24450000 rows so far, 255.5s elapsed
playback_events: batch 490 done, 24500000 rows so far, 255.9s elapsed
playback_events: batch 491 done, 24550000 rows so far, 256.3s elapsed
playback_events: batch 492 done, 24600000 rows so far, 256.8s elapsed
playback_events: batch 493 done, 24650000 rows so far, 257.2s elapsed
playback_events: batch 494 done, 24700000 rows so far, 257.6s elapsed
playback_events: batch 495 done, 24750000 rows so far, 258.0s elapsed
playback_events: batch 496 done, 24800000 rows so far, 258.5s elapsed
playback_events: batch 497 done, 24850000 rows so far, 259.1s elapsed
playback_events: batch 498 done, 24900000 rows so far, 259.5s elapsed
playback_events: batch 499 done, 24950000 rows so far, 259.9s elapsed
playback_events: batch 500 done, 25000000 rows so far, 260.4s elapsed
playback_events: batch 501 done, 25050000 rows so far, 260.8s elapsed
playback_events: batch 502 done, 25100000 rows so far, 261.4s elapsed
playback_events: batch 503 done, 25150000 rows so far, 261.9s elapsed
playback_events: batch 504 done, 25200000 rows so far, 262.3s elapsed
playback_events: batch 505 done, 25250000 rows so far, 262.9s elapsed
playback_events: batch 506 done, 25300000 rows so far, 263.4s elapsed
playback_events: batch 507 done, 25350000 rows so far, 264.0s elapsed
playback_events: batch 508 done, 25400000 rows so far, 264.6s elapsed
playback_events: batch 509 done, 25450000 rows so far, 265.2s elapsed
playback_events: batch 510 done, 25500000 rows so far, 265.8s elapsed
playback_events: batch 511 done, 25550000 rows so far, 266.3s elapsed
playback_events: batch 512 done, 25600000 rows so far, 266.9s elapsed
playback_events: batch 513 done, 25650000 rows so far, 267.4s elapsed
playback_events: batch 514 done, 25700000 rows so far, 268.1s elapsed
playback_events: batch 515 done, 25750000 rows so far, 268.7s elapsed
playback_events: batch 516 done, 25800000 rows so far, 269.5s elapsed
playback_events: batch 517 done, 25850000 rows so far, 270.3s elapsed
playback_events: batch 518 done, 25900000 rows so far, 271.1s elapsed
playback_events: batch 519 done, 25950000 rows so far, 271.7s elapsed
playback_events: batch 520 done, 26000000 rows so far, 272.5s elapsed
playback_events: batch 521 done, 26050000 rows so far, 273.7s elapsed
playback_events: batch 522 done, 26100000 rows so far, 274.7s elapsed
playback_events: batch 523 done, 26150000 rows so far, 275.3s elapsed
playback_events: batch 524 done, 26200000 rows so far, 275.9s elapsed
playback_events: batch 525 done, 26250000 rows so far, 276.5s elapsed
playback_events: batch 526 done, 26300000 rows so far, 277.0s elapsed
playback_events: batch 527 done, 26350000 rows so far, 277.5s elapsed
playback_events: batch 528 done, 26400000 rows so far, 278.0s elapsed
playback_events: batch 529 done, 26450000 rows so far, 278.6s elapsed
playback_events: batch 530 done, 26500000 rows so far, 279.2s elapsed
playback_events: batch 531 done, 26550000 rows so far, 279.8s elapsed
playback_events: batch 532 done, 26600000 rows so far, 280.5s elapsed
playback_events: batch 533 done, 26650000 rows so far, 281.2s elapsed
playback_events: batch 534 done, 26700000 rows so far, 281.9s elapsed
playback_events: batch 535 done, 26750000 rows so far, 282.6s elapsed
playback_events: batch 536 done, 26800000 rows so far, 283.2s elapsed
playback_events: batch 537 done, 26850000 rows so far, 283.8s elapsed
playback_events: batch 538 done, 26900000 rows so far, 284.4s elapsed
playback_events: batch 539 done, 26950000 rows so far, 285.1s elapsed
playback_events: batch 540 done, 27000000 rows so far, 285.7s elapsed
playback_events: batch 541 done, 27050000 rows so far, 286.4s elapsed
playback_events: batch 542 done, 27100000 rows so far, 287.2s elapsed
playback_events: batch 543 done, 27150000 rows so far, 288.1s elapsed
playback_events: batch 544 done, 27200000 rows so far, 289.0s elapsed
playback_events: batch 545 done, 27250000 rows so far, 289.6s elapsed
playback_events: batch 546 done, 27300000 rows so far, 290.3s elapsed
playback_events: batch 547 done, 27350000 rows so far, 291.0s elapsed
playback_events: batch 548 done, 27400000 rows so far, 291.7s elapsed
playback_events: batch 549 done, 27450000 rows so far, 292.4s elapsed
playback_events: batch 550 done, 27500000 rows so far, 293.2s elapsed
playback_events: batch 551 done, 27550000 rows so far, 293.8s elapsed
playback_events: batch 552 done, 27600000 rows so far, 294.4s elapsed
playback_events: batch 553 done, 27650000 rows so far, 295.0s elapsed
playback_events: batch 554 done, 27700000 rows so far, 295.6s elapsed
playback_events: batch 555 done, 27750000 rows so far, 296.1s elapsed
playback_events: batch 556 done, 27800000 rows so far, 296.8s elapsed
playback_events: batch 557 done, 27850000 rows so far, 297.5s elapsed
playback_events: batch 558 done, 27900000 rows so far, 298.1s elapsed
playback_events: batch 559 done, 27950000 rows so far, 298.7s elapsed
playback_events: batch 560 done, 28000000 rows so far, 299.4s elapsed
playback_events: batch 561 done, 28050000 rows so far, 300.1s elapsed
playback_events: batch 562 done, 28100000 rows so far, 300.8s elapsed
playback_events: batch 563 done, 28150000 rows so far, 301.5s elapsed
playback_events: batch 564 done, 28200000 rows so far, 302.2s elapsed
playback_events: batch 565 done, 28250000 rows so far, 303.0s elapsed
playback_events: batch 566 done, 28300000 rows so far, 303.7s elapsed
playback_events: batch 567 done, 28350000 rows so far, 304.6s elapsed
playback_events: batch 568 done, 28400000 rows so far, 305.2s elapsed
playback_events: batch 569 done, 28450000 rows so far, 305.9s elapsed
playback_events: batch 570 done, 28500000 rows so far, 306.5s elapsed
playback_events: batch 571 done, 28550000 rows so far, 307.3s elapsed
playback_events: batch 572 done, 28600000 rows so far, 307.9s elapsed
playback_events: batch 573 done, 28650000 rows so far, 308.5s elapsed
playback_events: batch 574 done, 28700000 rows so far, 309.0s elapsed
playback_events: batch 575 done, 28750000 rows so far, 309.6s elapsed
playback_events: batch 576 done, 28800000 rows so far, 310.2s elapsed
playback_events: batch 577 done, 28850000 rows so far, 311.0s elapsed
playback_events: batch 578 done, 28900000 rows so far, 311.6s elapsed
playback_events: batch 579 done, 28950000 rows so far, 312.2s elapsed
playback_events: batch 580 done, 29000000 rows so far, 312.8s elapsed
playback_events: batch 581 done, 29050000 rows so far, 313.4s elapsed
playback_events: batch 582 done, 29100000 rows so far, 314.1s elapsed
playback_events: batch 583 done, 29150000 rows so far, 314.8s elapsed
playback_events: batch 584 done, 29200000 rows so far, 315.5s elapsed
playback_events: batch 585 done, 29250000 rows so far, 316.2s elapsed
playback_events: batch 586 done, 29300000 rows so far, 317.0s elapsed
playback_events: batch 587 done, 29350000 rows so far, 317.7s elapsed
playback_events: batch 588 done, 29400000 rows so far, 318.4s elapsed
playback_events: batch 589 done, 29450000 rows so far, 319.0s elapsed
playback_events: batch 590 done, 29500000 rows so far, 319.5s elapsed
playback_events: batch 591 done, 29550000 rows so far, 320.0s elapsed
playback_events: batch 592 done, 29600000 rows so far, 320.7s elapsed
playback_events: batch 593 done, 29650000 rows so far, 321.3s elapsed
playback_events: batch 594 done, 29700000 rows so far, 321.9s elapsed
playback_events: batch 595 done, 29750000 rows so far, 322.4s elapsed
playback_events: batch 596 done, 29800000 rows so far, 323.0s elapsed
playback_events: batch 597 done, 29850000 rows so far, 323.5s elapsed
playback_events: batch 598 done, 29900000 rows so far, 324.1s elapsed
playback_events: batch 599 done, 29950000 rows so far, 324.6s elapsed
playback_events: batch 600 done, 30000000 rows so far, 325.2s elapsed
playback_events: batch 601 done, 30050000 rows so far, 325.7s elapsed
playback_events: batch 602 done, 30100000 rows so far, 326.2s elapsed
playback_events: batch 603 done, 30150000 rows so far, 326.8s elapsed
playback_events: batch 604 done, 30200000 rows so far, 327.4s elapsed
playback_events: batch 605 done, 30250000 rows so far, 328.0s elapsed
playback_events: batch 606 done, 30300000 rows so far, 328.6s elapsed
playback_events: batch 607 done, 30350000 rows so far, 329.1s elapsed
playback_events: batch 608 done, 30400000 rows so far, 329.6s elapsed
playback_events: batch 609 done, 30450000 rows so far, 330.1s elapsed
playback_events: batch 610 done, 30500000 rows so far, 330.6s elapsed
playback_events: batch 611 done, 30550000 rows so far, 331.1s elapsed
playback_events: batch 612 done, 30600000 rows so far, 331.6s elapsed
playback_events: batch 613 done, 30650000 rows so far, 332.1s elapsed
playback_events: batch 614 done, 30700000 rows so far, 332.6s elapsed
playback_events: batch 615 done, 30750000 rows so far, 333.2s elapsed
playback_events: batch 616 done, 30800000 rows so far, 333.7s elapsed
playback_events: batch 617 done, 30850000 rows so far, 334.3s elapsed
playback_events: batch 618 done, 30900000 rows so far, 334.9s elapsed
playback_events: batch 619 done, 30950000 rows so far, 335.4s elapsed
playback_events: batch 620 done, 31000000 rows so far, 335.9s elapsed
playback_events: batch 621 done, 31050000 rows so far, 336.4s elapsed
playback_events: batch 622 done, 31100000 rows so far, 336.9s elapsed
playback_events: batch 623 done, 31150000 rows so far, 337.4s elapsed
playback_events: batch 624 done, 31200000 rows so far, 338.0s elapsed
playback_events: batch 625 done, 31250000 rows so far, 338.5s elapsed
playback_events: batch 626 done, 31300000 rows so far, 339.0s elapsed
playback_events: batch 627 done, 31350000 rows so far, 339.5s elapsed
playback_events: batch 628 done, 31400000 rows so far, 340.0s elapsed
playback_events: batch 629 done, 31450000 rows so far, 340.6s elapsed
playback_events: batch 630 done, 31500000 rows so far, 341.2s elapsed
playback_events: batch 631 done, 31550000 rows so far, 341.7s elapsed
playback_events: batch 632 done, 31600000 rows so far, 342.1s elapsed
playback_events: batch 633 done, 31650000 rows so far, 342.5s elapsed
playback_events: batch 634 done, 31700000 rows so far, 343.0s elapsed
playback_events: batch 635 done, 31750000 rows so far, 343.5s elapsed
playback_events: batch 636 done, 31800000 rows so far, 344.0s elapsed
playback_events: batch 637 done, 31850000 rows so far, 344.4s elapsed
playback_events: batch 638 done, 31900000 rows so far, 344.8s elapsed
playback_events: batch 639 done, 31950000 rows so far, 345.3s elapsed
playback_events: batch 640 done, 32000000 rows so far, 345.7s elapsed
playback_events: batch 641 done, 32050000 rows so far, 346.2s elapsed
playback_events: batch 642 done, 32100000 rows so far, 346.7s elapsed
playback_events: batch 643 done, 32150000 rows so far, 347.2s elapsed
playback_events: batch 644 done, 32200000 rows so far, 347.7s elapsed
playback_events: batch 645 done, 32250000 rows so far, 348.2s elapsed
playback_events: batch 646 done, 32300000 rows so far, 348.7s elapsed
playback_events: batch 647 done, 32350000 rows so far, 349.2s elapsed
playback_events: batch 648 done, 32400000 rows so far, 349.7s elapsed
playback_events: batch 649 done, 32450000 rows so far, 350.2s elapsed
playback_events: batch 650 done, 32500000 rows so far, 350.6s elapsed
playback_events: batch 651 done, 32550000 rows so far, 351.1s elapsed
playback_events: batch 652 done, 32600000 rows so far, 351.6s elapsed
playback_events: batch 653 done, 32650000 rows so far, 352.2s elapsed
playback_events: batch 654 done, 32700000 rows so far, 352.6s elapsed
playback_events: batch 655 done, 32750000 rows so far, 353.2s elapsed
playback_events: batch 656 done, 32800000 rows so far, 353.7s elapsed
playback_events: batch 657 done, 32850000 rows so far, 354.2s elapsed
playback_events: batch 658 done, 32900000 rows so far, 354.6s elapsed
playback_events: batch 659 done, 32950000 rows so far, 355.1s elapsed
playback_events: batch 660 done, 33000000 rows so far, 355.6s elapsed
playback_events: batch 661 done, 33050000 rows so far, 356.1s elapsed
playback_events: batch 662 done, 33100000 rows so far, 356.5s elapsed
playback_events: batch 663 done, 33150000 rows so far, 357.0s elapsed
playback_events: batch 664 done, 33200000 rows so far, 357.5s elapsed
playback_events: batch 665 done, 33250000 rows so far, 358.0s elapsed
playback_events: batch 666 done, 33300000 rows so far, 358.5s elapsed
playback_events: batch 667 done, 33350000 rows so far, 359.0s elapsed
playback_events: batch 668 done, 33400000 rows so far, 359.4s elapsed
playback_events: batch 669 done, 33450000 rows so far, 359.9s elapsed
playback_events: batch 670 done, 33500000 rows so far, 360.4s elapsed
playback_events: batch 671 done, 33550000 rows so far, 360.9s elapsed
playback_events: batch 672 done, 33600000 rows so far, 361.4s elapsed
playback_events: batch 673 done, 33650000 rows so far, 361.8s elapsed
playback_events: batch 674 done, 33700000 rows so far, 362.2s elapsed
playback_events: batch 675 done, 33750000 rows so far, 362.7s elapsed
playback_events: batch 676 done, 33800000 rows so far, 363.2s elapsed
playback_events: batch 677 done, 33850000 rows so far, 363.7s elapsed
playback_events: batch 678 done, 33900000 rows so far, 364.1s elapsed
playback_events: batch 679 done, 33950000 rows so far, 364.6s elapsed
playback_events: batch 680 done, 34000000 rows so far, 365.1s elapsed
playback_events: batch 681 done, 34050000 rows so far, 365.6s elapsed
playback_events: batch 682 done, 34100000 rows so far, 366.1s elapsed
playback_events: batch 683 done, 34150000 rows so far, 366.6s elapsed
playback_events: batch 684 done, 34200000 rows so far, 367.1s elapsed
playback_events: batch 685 done, 34250000 rows so far, 367.5s elapsed
playback_events: batch 686 done, 34300000 rows so far, 368.0s elapsed
playback_events: batch 687 done, 34350000 rows so far, 368.5s elapsed
playback_events: batch 688 done, 34400000 rows so far, 368.9s elapsed
playback_events: batch 689 done, 34450000 rows so far, 369.3s elapsed
playback_events: batch 690 done, 34500000 rows so far, 369.8s elapsed
playback_events: batch 691 done, 34550000 rows so far, 370.5s elapsed
playback_events: batch 692 done, 34600000 rows so far, 371.2s elapsed
playback_events: batch 693 done, 34650000 rows so far, 371.8s elapsed
playback_events: batch 694 done, 34700000 rows so far, 372.4s elapsed
playback_events: batch 695 done, 34750000 rows so far, 372.9s elapsed
playback_events: batch 696 done, 34800000 rows so far, 373.4s elapsed
playback_events: batch 697 done, 34850000 rows so far, 373.9s elapsed
playback_events: batch 698 done, 34900000 rows so far, 374.4s elapsed
playback_events: batch 699 done, 34950000 rows so far, 375.0s elapsed
playback_events: batch 700 done, 35000000 rows so far, 375.4s elapsed
playback_events: batch 701 done, 35050000 rows so far, 375.9s elapsed
playback_events: batch 702 done, 35100000 rows so far, 376.4s elapsed
playback_events: batch 703 done, 35150000 rows so far, 376.9s elapsed
playback_events: batch 704 done, 35200000 rows so far, 377.4s elapsed
playback_events: batch 705 done, 35250000 rows so far, 377.9s elapsed
playback_events: batch 706 done, 35300000 rows so far, 378.3s elapsed
playback_events: batch 707 done, 35350000 rows so far, 378.7s elapsed
playback_events: batch 708 done, 35400000 rows so far, 379.2s elapsed
playback_events: batch 709 done, 35450000 rows so far, 379.8s elapsed
playback_events: batch 710 done, 35500000 rows so far, 380.3s elapsed
playback_events: batch 711 done, 35550000 rows so far, 380.8s elapsed
playback_events: batch 712 done, 35600000 rows so far, 381.2s elapsed
playback_events: batch 713 done, 35650000 rows so far, 381.7s elapsed
playback_events: batch 714 done, 35700000 rows so far, 382.2s elapsed
playback_events: batch 715 done, 35750000 rows so far, 382.6s elapsed
playback_events: batch 716 done, 35800000 rows so far, 383.1s elapsed
playback_events: batch 717 done, 35850000 rows so far, 383.6s elapsed
playback_events: batch 718 done, 35900000 rows so far, 384.2s elapsed
playback_events: batch 719 done, 35950000 rows so far, 384.7s elapsed
playback_events: batch 720 done, 36000000 rows so far, 385.2s elapsed
playback_events: batch 721 done, 36050000 rows so far, 385.7s elapsed
playback_events: batch 722 done, 36100000 rows so far, 386.1s elapsed
playback_events: batch 723 done, 36150000 rows so far, 386.5s elapsed
playback_events: batch 724 done, 36200000 rows so far, 387.0s elapsed
playback_events: batch 725 done, 36250000 rows so far, 387.5s elapsed
playback_events: batch 726 done, 36300000 rows so far, 387.9s elapsed
playback_events: batch 727 done, 36350000 rows so far, 388.2s elapsed
playback_events: batch 728 done, 36400000 rows so far, 388.6s elapsed
playback_events: batch 729 done, 36450000 rows so far, 389.0s elapsed
playback_events: batch 730 done, 36500000 rows so far, 389.5s elapsed
playback_events: batch 731 done, 36550000 rows so far, 389.9s elapsed
playback_events: batch 732 done, 36600000 rows so far, 390.4s elapsed
playback_events: batch 733 done, 36650000 rows so far, 390.9s elapsed
playback_events: batch 734 done, 36700000 rows so far, 391.3s elapsed
playback_events: batch 735 done, 36750000 rows so far, 391.8s elapsed
playback_events: batch 736 done, 36800000 rows so far, 392.2s elapsed
playback_events: batch 737 done, 36850000 rows so far, 392.6s elapsed
playback_events: batch 738 done, 36900000 rows so far, 393.1s elapsed
playback_events: batch 739 done, 36950000 rows so far, 393.5s elapsed
playback_events: batch 740 done, 37000000 rows so far, 394.0s elapsed
playback_events: batch 741 done, 37050000 rows so far, 394.5s elapsed
playback_events: batch 742 done, 37100000 rows so far, 394.9s elapsed
playback_events: batch 743 done, 37150000 rows so far, 395.4s elapsed
playback_events: batch 744 done, 37200000 rows so far, 395.9s elapsed
playback_events: batch 745 done, 37250000 rows so far, 396.3s elapsed
playback_events: batch 746 done, 37300000 rows so far, 396.7s elapsed
playback_events: batch 747 done, 37350000 rows so far, 397.1s elapsed
playback_events: batch 748 done, 37400000 rows so far, 397.7s elapsed
playback_events: batch 749 done, 37450000 rows so far, 398.1s elapsed
playback_events: batch 750 done, 37500000 rows so far, 398.6s elapsed
playback_events: batch 751 done, 37550000 rows so far, 399.0s elapsed
playback_events: batch 752 done, 37600000 rows so far, 399.5s elapsed
playback_events: batch 753 done, 37650000 rows so far, 400.0s elapsed
playback_events: batch 754 done, 37700000 rows so far, 400.5s elapsed
playback_events: batch 755 done, 37750000 rows so far, 400.9s elapsed
playback_events: batch 756 done, 37800000 rows so far, 401.4s elapsed
playback_events: batch 757 done, 37850000 rows so far, 401.9s elapsed
playback_events: batch 758 done, 37900000 rows so far, 402.4s elapsed
playback_events: batch 759 done, 37950000 rows so far, 402.9s elapsed
playback_events: batch 760 done, 38000000 rows so far, 403.4s elapsed
playback_events: batch 761 done, 38050000 rows so far, 403.8s elapsed
playback_events: batch 762 done, 38100000 rows so far, 404.4s elapsed
playback_events: batch 763 done, 38150000 rows so far, 404.9s elapsed
playback_events: batch 764 done, 38200000 rows so far, 405.4s elapsed
playback_events: batch 765 done, 38250000 rows so far, 406.1s elapsed
playback_events: batch 766 done, 38300000 rows so far, 406.6s elapsed
playback_events: batch 767 done, 38350000 rows so far, 407.2s elapsed
playback_events: batch 768 done, 38400000 rows so far, 407.8s elapsed
playback_events: batch 769 done, 38450000 rows so far, 408.1s elapsed
playback_events: batch 770 done, 38500000 rows so far, 408.5s elapsed
playback_events: batch 771 done, 38550000 rows so far, 409.0s elapsed
playback_events: batch 772 done, 38600000 rows so far, 409.6s elapsed
playback_events: batch 773 done, 38650000 rows so far, 410.2s elapsed
playback_events: batch 774 done, 38700000 rows so far, 410.8s elapsed
playback_events: batch 775 done, 38750000 rows so far, 411.4s elapsed
playback_events: batch 776 done, 38800000 rows so far, 411.9s elapsed
playback_events: batch 777 done, 38850000 rows so far, 412.5s elapsed
playback_events: batch 778 done, 38900000 rows so far, 413.1s elapsed
playback_events: batch 779 done, 38950000 rows so far, 413.6s elapsed
playback_events: batch 780 done, 39000000 rows so far, 414.0s elapsed
playback_events: batch 781 done, 39050000 rows so far, 414.5s elapsed
playback_events: batch 782 done, 39100000 rows so far, 415.1s elapsed
playback_events: batch 783 done, 39150000 rows so far, 415.8s elapsed
playback_events: batch 784 done, 39200000 rows so far, 416.5s elapsed
playback_events: batch 785 done, 39250000 rows so far, 417.1s elapsed
playback_events: batch 786 done, 39300000 rows so far, 417.7s elapsed
playback_events: batch 787 done, 39350000 rows so far, 418.3s elapsed
playback_events: batch 788 done, 39400000 rows so far, 419.0s elapsed
playback_events: batch 789 done, 39450000 rows so far, 419.7s elapsed
playback_events: batch 790 done, 39500000 rows so far, 420.3s elapsed
playback_events: batch 791 done, 39550000 rows so far, 421.0s elapsed
playback_events: batch 792 done, 39600000 rows so far, 421.5s elapsed
playback_events: batch 793 done, 39650000 rows so far, 422.0s elapsed
playback_events: batch 794 done, 39700000 rows so far, 422.4s elapsed
playback_events: batch 795 done, 39750000 rows so far, 422.9s elapsed
playback_events: batch 796 done, 39800000 rows so far, 423.5s elapsed
playback_events: batch 797 done, 39850000 rows so far, 424.2s elapsed
playback_events: batch 798 done, 39900000 rows so far, 425.0s elapsed
playback_events: batch 799 done, 39950000 rows so far, 425.6s elapsed
playback_events: batch 800 done, 40000000 rows so far, 426.2s elapsed
playback_events: batch 801 done, 40050000 rows so far, 426.8s elapsed
playback_events: batch 802 done, 40100000 rows so far, 427.3s elapsed
playback_events: batch 803 done, 40150000 rows so far, 427.9s elapsed
playback_events: batch 804 done, 40200000 rows so far, 428.5s elapsed
playback_events: batch 805 done, 40250000 rows so far, 429.1s elapsed
playback_events: batch 806 done, 40300000 rows so far, 429.7s elapsed
playback_events: batch 807 done, 40350000 rows so far, 430.3s elapsed
playback_events: batch 808 done, 40400000 rows so far, 430.7s elapsed
playback_events: batch 809 done, 40450000 rows so far, 431.2s elapsed
playback_events: batch 810 done, 40500000 rows so far, 431.8s elapsed
playback_events: batch 811 done, 40550000 rows so far, 432.2s elapsed
playback_events: batch 812 done, 40600000 rows so far, 432.8s elapsed
playback_events: batch 813 done, 40650000 rows so far, 433.3s elapsed
playback_events: batch 814 done, 40700000 rows so far, 434.0s elapsed
playback_events: batch 815 done, 40750000 rows so far, 434.6s elapsed
playback_events: batch 816 done, 40800000 rows so far, 435.2s elapsed
playback_events: batch 817 done, 40850000 rows so far, 435.7s elapsed
playback_events: batch 818 done, 40900000 rows so far, 436.3s elapsed
playback_events: batch 819 done, 40950000 rows so far, 436.9s elapsed
playback_events: batch 820 done, 41000000 rows so far, 437.5s elapsed
playback_events: batch 821 done, 41050000 rows so far, 438.1s elapsed
playback_events: batch 822 done, 41100000 rows so far, 438.7s elapsed
playback_events: batch 823 done, 41150000 rows so far, 439.4s elapsed
playback_events: batch 824 done, 41200000 rows so far, 440.2s elapsed
playback_events: batch 825 done, 41250000 rows so far, 440.8s elapsed
playback_events: batch 826 done, 41300000 rows so far, 441.4s elapsed
playback_events: batch 827 done, 41350000 rows so far, 442.0s elapsed
playback_events: batch 828 done, 41400000 rows so far, 442.5s elapsed
playback_events: batch 829 done, 41450000 rows so far, 443.1s elapsed
playback_events: batch 830 done, 41500000 rows so far, 443.7s elapsed
playback_events: batch 831 done, 41550000 rows so far, 444.2s elapsed
playback_events: batch 832 done, 41600000 rows so far, 444.7s elapsed
playback_events: batch 833 done, 41650000 rows so far, 445.5s elapsed
playback_events: batch 834 done, 41700000 rows so far, 446.3s elapsed
playback_events: batch 835 done, 41750000 rows so far, 447.0s elapsed
playback_events: batch 836 done, 41800000 rows so far, 448.2s elapsed
playback_events: batch 837 done, 41850000 rows so far, 449.0s elapsed
playback_events: batch 838 done, 41900000 rows so far, 449.6s elapsed
playback_events: batch 839 done, 41950000 rows so far, 450.2s elapsed
playback_events: batch 840 done, 42000000 rows so far, 451.2s elapsed
playback_events: batch 841 done, 42050000 rows so far, 452.0s elapsed
playback_events: batch 842 done, 42100000 rows so far, 452.7s elapsed
playback_events: batch 843 done, 42150000 rows so far, 453.5s elapsed
playback_events: batch 844 done, 42200000 rows so far, 454.2s elapsed
playback_events: batch 845 done, 42250000 rows so far, 454.8s elapsed
playback_events: batch 846 done, 42300000 rows so far, 455.3s elapsed
playback_events: batch 847 done, 42350000 rows so far, 455.9s elapsed
playback_events: batch 848 done, 42400000 rows so far, 456.5s elapsed
playback_events: batch 849 done, 42450000 rows so far, 457.0s elapsed
playback_events: batch 850 done, 42500000 rows so far, 457.6s elapsed
playback_events: batch 851 done, 42550000 rows so far, 458.3s elapsed
playback_events: batch 852 done, 42600000 rows so far, 458.9s elapsed
playback_events: batch 853 done, 42650000 rows so far, 459.6s elapsed
playback_events: batch 854 done, 42700000 rows so far, 460.2s elapsed
playback_events: batch 855 done, 42750000 rows so far, 460.9s elapsed
playback_events: batch 856 done, 42800000 rows so far, 461.4s elapsed
playback_events: batch 857 done, 42850000 rows so far, 462.0s elapsed
playback_events: batch 858 done, 42900000 rows so far, 463.1s elapsed
playback_events: batch 859 done, 42950000 rows so far, 463.9s elapsed
playback_events: batch 860 done, 43000000 rows so far, 464.6s elapsed
playback_events: batch 861 done, 43050000 rows so far, 465.4s elapsed
playback_events: batch 862 done, 43100000 rows so far, 466.2s elapsed
playback_events: batch 863 done, 43150000 rows so far, 467.2s elapsed
playback_events: batch 864 done, 43200000 rows so far, 468.1s elapsed
playback_events: batch 865 done, 43250000 rows so far, 469.0s elapsed
playback_events: batch 866 done, 43300000 rows so far, 470.0s elapsed
playback_events: batch 867 done, 43350000 rows so far, 470.9s elapsed
playback_events: batch 868 done, 43400000 rows so far, 471.8s elapsed
playback_events: batch 869 done, 43450000 rows so far, 473.9s elapsed
playback_events: batch 870 done, 43500000 rows so far, 474.6s elapsed
playback_events: batch 871 done, 43550000 rows so far, 475.2s elapsed
playback_events: batch 872 done, 43600000 rows so far, 475.8s elapsed
playback_events: batch 873 done, 43650000 rows so far, 476.3s elapsed
playback_events: batch 874 done, 43700000 rows so far, 476.8s elapsed
playback_events: batch 875 done, 43750000 rows so far, 477.3s elapsed
playback_events: batch 876 done, 43800000 rows so far, 477.9s elapsed
playback_events: batch 877 done, 43850000 rows so far, 478.4s elapsed
playback_events: batch 878 done, 43900000 rows so far, 479.0s elapsed
playback_events: batch 879 done, 43950000 rows so far, 479.5s elapsed
playback_events: batch 880 done, 44000000 rows so far, 480.1s elapsed
playback_events: batch 881 done, 44050000 rows so far, 480.6s elapsed
playback_events: batch 882 done, 44100000 rows so far, 481.2s elapsed
playback_events: batch 883 done, 44150000 rows so far, 481.8s elapsed
playback_events: batch 884 done, 44200000 rows so far, 482.5s elapsed
playback_events: batch 885 done, 44250000 rows so far, 483.1s elapsed
playback_events: batch 886 done, 44300000 rows so far, 484.2s elapsed
playback_events: batch 887 done, 44350000 rows so far, 484.8s elapsed
playback_events: batch 888 done, 44400000 rows so far, 485.6s elapsed
playback_events: batch 889 done, 44450000 rows so far, 486.3s elapsed
playback_events: batch 890 done, 44500000 rows so far, 486.9s elapsed
playback_events: batch 891 done, 44550000 rows so far, 487.8s elapsed
playback_events: batch 892 done, 44600000 rows so far, 488.5s elapsed
playback_events: batch 893 done, 44650000 rows so far, 489.3s elapsed
playback_events: batch 894 done, 44700000 rows so far, 490.3s elapsed
playback_events: batch 895 done, 44750000 rows so far, 491.0s elapsed
playback_events: batch 896 done, 44800000 rows so far, 491.8s elapsed
playback_events: batch 897 done, 44850000 rows so far, 492.4s elapsed
playback_events: batch 898 done, 44900000 rows so far, 493.2s elapsed
playback_events: batch 899 done, 44950000 rows so far, 493.7s elapsed
playback_events: batch 900 done, 45000000 rows so far, 494.3s elapsed
playback_events: batch 901 done, 45050000 rows so far, 494.9s elapsed
playback_events: batch 902 done, 45100000 rows so far, 495.7s elapsed
playback_events: batch 903 done, 45150000 rows so far, 496.1s elapsed
playback_events: batch 904 done, 45200000 rows so far, 496.8s elapsed
playback_events: batch 905 done, 45250000 rows so far, 497.3s elapsed
playback_events: batch 906 done, 45300000 rows so far, 498.0s elapsed
playback_events: batch 907 done, 45350000 rows so far, 498.6s elapsed
playback_events: batch 908 done, 45400000 rows so far, 499.1s elapsed
playback_events: batch 909 done, 45450000 rows so far, 499.6s elapsed
playback_events: batch 910 done, 45500000 rows so far, 500.3s elapsed
playback_events: batch 911 done, 45550000 rows so far, 501.1s elapsed
playback_events: batch 912 done, 45600000 rows so far, 501.7s elapsed
playback_events: batch 913 done, 45650000 rows so far, 502.2s elapsed
playback_events: batch 914 done, 45700000 rows so far, 502.9s elapsed
playback_events: batch 915 done, 45750000 rows so far, 503.4s elapsed
playback_events: batch 916 done, 45800000 rows so far, 504.0s elapsed
playback_events: batch 917 done, 45850000 rows so far, 504.4s elapsed
playback_events: batch 918 done, 45900000 rows so far, 504.9s elapsed
playback_events: batch 919 done, 45950000 rows so far, 505.3s elapsed
playback_events: batch 920 done, 46000000 rows so far, 505.8s elapsed
playback_events: batch 921 done, 46050000 rows so far, 506.3s elapsed
playback_events: batch 922 done, 46100000 rows so far, 506.7s elapsed
playback_events: batch 923 done, 46150000 rows so far, 507.3s elapsed
playback_events: batch 924 done, 46200000 rows so far, 507.7s elapsed
playback_events: batch 925 done, 46250000 rows so far, 508.2s elapsed
playback_events: batch 926 done, 46300000 rows so far, 508.6s elapsed
playback_events: batch 927 done, 46350000 rows so far, 509.1s elapsed
playback_events: batch 928 done, 46400000 rows so far, 509.7s elapsed
playback_events: batch 929 done, 46450000 rows so far, 510.1s elapsed
playback_events: batch 930 done, 46500000 rows so far, 510.5s elapsed
playback_events: batch 931 done, 46550000 rows so far, 510.9s elapsed
playback_events: batch 932 done, 46600000 rows so far, 511.3s elapsed
playback_events: batch 933 done, 46650000 rows so far, 511.6s elapsed
playback_events: batch 934 done, 46700000 rows so far, 512.0s elapsed
playback_events: batch 935 done, 46750000 rows so far, 512.4s elapsed
playback_events: batch 936 done, 46800000 rows so far, 512.9s elapsed
playback_events: batch 937 done, 46850000 rows so far, 513.3s elapsed
playback_events: batch 938 done, 46900000 rows so far, 513.7s elapsed
playback_events: batch 939 done, 46950000 rows so far, 514.2s elapsed
playback_events: batch 940 done, 47000000 rows so far, 514.5s elapsed
playback_events: batch 941 done, 47050000 rows so far, 514.9s elapsed
playback_events: batch 942 done, 47100000 rows so far, 515.4s elapsed
playback_events: batch 943 done, 47150000 rows so far, 515.8s elapsed
playback_events: batch 944 done, 47200000 rows so far, 516.3s elapsed
playback_events: batch 945 done, 47250000 rows so far, 516.7s elapsed
playback_events: batch 946 done, 47300000 rows so far, 517.1s elapsed
playback_events: batch 947 done, 47350000 rows so far, 517.5s elapsed
playback_events: batch 948 done, 47400000 rows so far, 518.0s elapsed
playback_events: batch 949 done, 47450000 rows so far, 518.5s elapsed
playback_events: batch 950 done, 47500000 rows so far, 518.8s elapsed
playback_events: batch 951 done, 47550000 rows so far, 519.2s elapsed
playback_events: batch 952 done, 47600000 rows so far, 519.7s elapsed
playback_events: batch 953 done, 47650000 rows so far, 520.2s elapsed
playback_events: batch 954 done, 47700000 rows so far, 520.6s elapsed
playback_events: batch 955 done, 47750000 rows so far, 521.0s elapsed
playback_events: batch 956 done, 47800000 rows so far, 521.5s elapsed
playback_events: batch 957 done, 47850000 rows so far, 521.9s elapsed
playback_events: batch 958 done, 47900000 rows so far, 522.3s elapsed
playback_events: batch 959 done, 47950000 rows so far, 522.7s elapsed
playback_events: batch 960 done, 48000000 rows so far, 523.1s elapsed
playback_events: batch 961 done, 48050000 rows so far, 523.5s elapsed
playback_events: batch 962 done, 48100000 rows so far, 524.0s elapsed
playback_events: batch 963 done, 48150000 rows so far, 524.5s elapsed
playback_events: batch 964 done, 48200000 rows so far, 525.0s elapsed
playback_events: batch 965 done, 48250000 rows so far, 525.5s elapsed
playback_events: batch 966 done, 48300000 rows so far, 525.9s elapsed
playback_events: batch 967 done, 48350000 rows so far, 526.3s elapsed
playback_events: batch 968 done, 48400000 rows so far, 526.5s elapsed
playback_events: batch 969 done, 48450000 rows so far, 526.7s elapsed
playback_events: batch 970 done, 48500000 rows so far, 526.9s elapsed
playback_events: batch 971 done, 48550000 rows so far, 527.3s elapsed
playback_events: batch 972 done, 48600000 rows so far, 527.7s elapsed
playback_events: batch 973 done, 48650000 rows so far, 528.1s elapsed
playback_events: batch 974 done, 48700000 rows so far, 528.5s elapsed
playback_events: batch 975 done, 48750000 rows so far, 528.9s elapsed
playback_events: batch 976 done, 48800000 rows so far, 529.3s elapsed
playback_events: batch 977 done, 48850000 rows so far, 529.8s elapsed
playback_events: batch 978 done, 48900000 rows so far, 530.2s elapsed
playback_events: batch 979 done, 48950000 rows so far, 530.7s elapsed
playback_events: batch 980 done, 49000000 rows so far, 531.2s elapsed
playback_events: batch 981 done, 49050000 rows so far, 531.8s elapsed
playback_events: batch 982 done, 49100000 rows so far, 532.4s elapsed
playback_events: batch 983 done, 49150000 rows so far, 533.0s elapsed
playback_events: batch 984 done, 49200000 rows so far, 534.0s elapsed
playback_events: batch 985 done, 49250000 rows so far, 534.5s elapsed
playback_events: batch 986 done, 49300000 rows so far, 535.2s elapsed
playback_events: batch 987 done, 49350000 rows so far, 535.6s elapsed
playback_events: batch 988 done, 49400000 rows so far, 536.3s elapsed
playback_events: batch 989 done, 49450000 rows so far, 536.7s elapsed
playback_events: batch 990 done, 49500000 rows so far, 537.2s elapsed
playback_events: batch 991 done, 49550000 rows so far, 537.7s elapsed
playback_events: batch 992 done, 49600000 rows so far, 538.1s elapsed
playback_events: batch 993 done, 49650000 rows so far, 538.6s elapsed
playback_events: batch 994 done, 49700000 rows so far, 539.0s elapsed
playback_events: batch 995 done, 49750000 rows so far, 539.5s elapsed
playback_events: batch 996 done, 49800000 rows so far, 540.1s elapsed
playback_events: batch 997 done, 49850000 rows so far, 540.5s elapsed
playback_events: batch 998 done, 49900000 rows so far, 540.8s elapsed
playback_events: batch 999 done, 49950000 rows so far, 541.4s elapsed
playback_events: batch 1000 done, 50000000 rows so far, 541.8s elapsed
playback_events: batch 1001 done, 50050000 rows so far, 542.3s elapsed
playback_events: batch 1002 done, 50100000 rows so far, 542.7s elapsed
playback_events: batch 1003 done, 50150000 rows so far, 543.1s elapsed
playback_events: batch 1004 done, 50200000 rows so far, 543.5s elapsed
playback_events: batch 1005 done, 50250000 rows so far, 543.9s elapsed
playback_events: batch 1006 done, 50300000 rows so far, 544.4s elapsed
playback_events: batch 1007 done, 50350000 rows so far, 544.8s elapsed
playback_events: batch 1008 done, 50400000 rows so far, 545.3s elapsed
playback_events: batch 1009 done, 50450000 rows so far, 545.5s elapsed
playback_events: batch 1010 done, 50500000 rows so far, 546.0s elapsed
playback_events: batch 1011 done, 50550000 rows so far, 547.1s elapsed
playback_events: batch 1012 done, 50600000 rows so far, 547.7s elapsed
playback_events: batch 1013 done, 50650000 rows so far, 548.3s elapsed
playback_events: batch 1014 done, 50700000 rows so far, 548.6s elapsed
playback_events: batch 1015 done, 50750000 rows so far, 549.3s elapsed
playback_events: batch 1016 done, 50800000 rows so far, 549.7s elapsed
playback_events: batch 1017 done, 50850000 rows so far, 550.2s elapsed
playback_events: batch 1018 done, 50900000 rows so far, 550.7s elapsed
playback_events: batch 1019 done, 50950000 rows so far, 551.1s elapsed
playback_events: batch 1020 done, 51000000 rows so far, 551.4s elapsed
playback_events: batch 1021 done, 51050000 rows so far, 551.9s elapsed
playback_events: batch 1022 done, 51100000 rows so far, 552.2s elapsed
playback_events: batch 1023 done, 51150000 rows so far, 552.7s elapsed
playback_events: batch 1024 done, 51200000 rows so far, 553.0s elapsed
playback_events: batch 1025 done, 51250000 rows so far, 553.7s elapsed
playback_events: batch 1026 done, 51300000 rows so far, 554.3s elapsed
playback_events: batch 1027 done, 51350000 rows so far, 554.6s elapsed
playback_events: batch 1028 done, 51400000 rows so far, 554.9s elapsed
playback_events: batch 1029 done, 51450000 rows so far, 555.3s elapsed
playback_events: batch 1030 done, 51500000 rows so far, 555.6s elapsed
playback_events: batch 1031 done, 51550000 rows so far, 555.8s elapsed
playback_events: batch 1032 done, 51600000 rows so far, 556.1s elapsed
playback_events: batch 1033 done, 51650000 rows so far, 556.4s elapsed
playback_events: batch 1034 done, 51700000 rows so far, 557.1s elapsed
playback_events: batch 1035 done, 51750000 rows so far, 557.3s elapsed
playback_events: batch 1036 done, 51800000 rows so far, 557.6s elapsed
playback_events: batch 1037 done, 51850000 rows so far, 557.9s elapsed
playback_events: batch 1038 done, 51900000 rows so far, 558.2s elapsed
playback_events: batch 1039 done, 51950000 rows so far, 558.8s elapsed
playback_events: batch 1040 done, 52000000 rows so far, 559.2s elapsed
playback_events: batch 1041 done, 52050000 rows so far, 559.4s elapsed
playback_events: batch 1042 done, 52100000 rows so far, 559.8s elapsed
playback_events: batch 1043 done, 52150000 rows so far, 560.1s elapsed
playback_events: batch 1044 done, 52200000 rows so far, 560.7s elapsed
playback_events: batch 1045 done, 52250000 rows so far, 561.3s elapsed
playback_events: batch 1046 done, 52300000 rows so far, 561.9s elapsed
playback_events: batch 1047 done, 52350000 rows so far, 562.2s elapsed
playback_events: batch 1048 done, 52400000 rows so far, 562.6s elapsed
playback_events: batch 1049 done, 52450000 rows so far, 563.0s elapsed
playback_events: batch 1050 done, 52500000 rows so far, 563.5s elapsed
playback_events: batch 1051 done, 52550000 rows so far, 564.1s elapsed
playback_events: batch 1052 done, 52600000 rows so far, 564.4s elapsed
playback_events: batch 1053 done, 52650000 rows so far, 564.7s elapsed
playback_events: batch 1054 done, 52700000 rows so far, 565.0s elapsed
playback_events: batch 1055 done, 52750000 rows so far, 565.4s elapsed
playback_events: batch 1056 done, 52800000 rows so far, 566.0s elapsed
playback_events: batch 1057 done, 52850000 rows so far, 566.6s elapsed
playback_events: batch 1058 done, 52900000 rows so far, 567.0s elapsed
playback_events: batch 1059 done, 52950000 rows so far, 567.2s elapsed
playback_events: batch 1060 done, 53000000 rows so far, 567.5s elapsed
playback_events: batch 1061 done, 53050000 rows so far, 567.9s elapsed
playback_events: batch 1062 done, 53100000 rows so far, 568.3s elapsed
playback_events: batch 1063 done, 53150000 rows so far, 568.8s elapsed
playback_events: batch 1064 done, 53200000 rows so far, 569.1s elapsed
playback_events: batch 1065 done, 53250000 rows so far, 569.4s elapsed
playback_events: batch 1066 done, 53300000 rows so far, 569.7s elapsed
playback_events: batch 1067 done, 53350000 rows so far, 570.0s elapsed
playback_events: batch 1068 done, 53400000 rows so far, 570.3s elapsed
playback_events: batch 1069 done, 53450000 rows so far, 570.7s elapsed
playback_events: batch 1070 done, 53500000 rows so far, 570.9s elapsed
playback_events: batch 1071 done, 53550000 rows so far, 571.1s elapsed
playback_events: batch 1072 done, 53600000 rows so far, 571.4s elapsed
playback_events: batch 1073 done, 53650000 rows so far, 571.6s elapsed
playback_events: batch 1074 done, 53700000 rows so far, 571.8s elapsed
playback_events: batch 1075 done, 53750000 rows so far, 572.3s elapsed
playback_events: batch 1076 done, 53800000 rows so far, 572.5s elapsed
playback_events: batch 1077 done, 53850000 rows so far, 572.8s elapsed
playback_events: batch 1078 done, 53900000 rows so far, 573.1s elapsed
playback_events: batch 1079 done, 53950000 rows so far, 573.5s elapsed
playback_events: batch 1080 done, 54000000 rows so far, 574.0s elapsed
playback_events: batch 1081 done, 54050000 rows so far, 574.3s elapsed
playback_events: batch 1082 done, 54100000 rows so far, 574.6s elapsed
playback_events: batch 1083 done, 54150000 rows so far, 574.8s elapsed
playback_events: batch 1084 done, 54200000 rows so far, 575.1s elapsed
playback_events: batch 1085 done, 54250000 rows so far, 575.3s elapsed
playback_events: batch 1086 done, 54300000 rows so far, 575.6s elapsed
playback_events: batch 1087 done, 54350000 rows so far, 576.3s elapsed
playback_events: batch 1088 done, 54400000 rows so far, 576.7s elapsed
playback_events: batch 1089 done, 54450000 rows so far, 577.1s elapsed
playback_events: batch 1090 done, 54500000 rows so far, 577.3s elapsed
playback_events: batch 1091 done, 54550000 rows so far, 577.6s elapsed
playback_events: batch 1092 done, 54600000 rows so far, 577.8s elapsed
playback_events: batch 1093 done, 54650000 rows so far, 578.3s elapsed
playback_events: batch 1094 done, 54700000 rows so far, 578.7s elapsed
playback_events: batch 1095 done, 54750000 rows so far, 579.3s elapsed
playback_events: batch 1096 done, 54800000 rows so far, 579.6s elapsed
playback_events: batch 1097 done, 54850000 rows so far, 579.8s elapsed
playback_events: batch 1098 done, 54900000 rows so far, 580.1s elapsed
playback_events: batch 1099 done, 54950000 rows so far, 580.4s elapsed
playback_events: batch 1100 done, 55000000 rows so far, 580.7s elapsed
playback_events: batch 1101 done, 55050000 rows so far, 581.0s elapsed
playback_events: batch 1102 done, 55100000 rows so far, 581.4s elapsed
playback_events: batch 1103 done, 55150000 rows so far, 581.8s elapsed
playback_events: batch 1104 done, 55200000 rows so far, 582.0s elapsed
playback_events: batch 1105 done, 55250000 rows so far, 582.2s elapsed
playback_events: batch 1106 done, 55300000 rows so far, 582.4s elapsed
playback_events: batch 1107 done, 55350000 rows so far, 582.7s elapsed
playback_events: batch 1108 done, 55400000 rows so far, 583.0s elapsed
playback_events: batch 1109 done, 55450000 rows so far, 583.2s elapsed
playback_events: batch 1110 done, 55500000 rows so far, 583.5s elapsed
playback_events: batch 1111 done, 55550000 rows so far, 584.1s elapsed
playback_events: batch 1112 done, 55600000 rows so far, 584.5s elapsed
playback_events: batch 1113 done, 55650000 rows so far, 585.0s elapsed
playback_events: batch 1114 done, 55700000 rows so far, 585.5s elapsed
playback_events: batch 1115 done, 55750000 rows so far, 585.9s elapsed
playback_events: batch 1116 done, 55800000 rows so far, 586.4s elapsed
playback_events: batch 1117 done, 55850000 rows so far, 586.9s elapsed
playback_events: batch 1118 done, 55900000 rows so far, 587.3s elapsed
playback_events: batch 1119 done, 55950000 rows so far, 587.8s elapsed
playback_events: batch 1120 done, 56000000 rows so far, 588.2s elapsed
playback_events: batch 1121 done, 56050000 rows so far, 588.6s elapsed
playback_events: batch 1122 done, 56100000 rows so far, 589.0s elapsed
playback_events: batch 1123 done, 56150000 rows so far, 589.5s elapsed
playback_events: batch 1124 done, 56200000 rows so far, 590.0s elapsed
playback_events: batch 1125 done, 56250000 rows so far, 600.6s elapsed
playback_events: batch 1126 done, 56300000 rows so far, 600.9s elapsed
playback_events: batch 1127 done, 56350000 rows so far, 601.4s elapsed
playback_events: batch 1128 done, 56400000 rows so far, 601.8s elapsed
playback_events: batch 1129 done, 56450000 rows so far, 602.3s elapsed
playback_events: batch 1130 done, 56500000 rows so far, 602.7s elapsed
playback_events: batch 1131 done, 56550000 rows so far, 603.3s elapsed
playback_events: batch 1132 done, 56600000 rows so far, 603.8s elapsed
playback_events: batch 1133 done, 56650000 rows so far, 604.1s elapsed
playback_events: batch 1134 done, 56700000 rows so far, 604.4s elapsed
playback_events: batch 1135 done, 56750000 rows so far, 604.9s elapsed
playback_events: batch 1136 done, 56800000 rows so far, 605.3s elapsed
playback_events: batch 1137 done, 56850000 rows so far, 605.6s elapsed
playback_events: batch 1138 done, 56900000 rows so far, 605.9s elapsed
playback_events: batch 1139 done, 56950000 rows so far, 606.3s elapsed
playback_events: batch 1140 done, 57000000 rows so far, 606.6s elapsed
playback_events: batch 1141 done, 57050000 rows so far, 606.9s elapsed
playback_events: batch 1142 done, 57100000 rows so far, 607.2s elapsed
playback_events: batch 1143 done, 57150000 rows so far, 607.6s elapsed
playback_events: batch 1144 done, 57200000 rows so far, 608.0s elapsed
playback_events: batch 1145 done, 57250000 rows so far, 608.5s elapsed
playback_events: batch 1146 done, 57300000 rows so far, 608.9s elapsed
playback_events: batch 1147 done, 57350000 rows so far, 609.2s elapsed
playback_events: batch 1148 done, 57400000 rows so far, 609.6s elapsed
playback_events: batch 1149 done, 57450000 rows so far, 610.0s elapsed
playback_events: batch 1150 done, 57500000 rows so far, 610.4s elapsed
playback_events: batch 1151 done, 57550000 rows so far, 610.8s elapsed
playback_events: batch 1152 done, 57600000 rows so far, 611.1s elapsed
playback_events: batch 1153 done, 57650000 rows so far, 611.4s elapsed
playback_events: batch 1154 done, 57700000 rows so far, 611.7s elapsed
playback_events: batch 1155 done, 57750000 rows so far, 612.3s elapsed
playback_events: batch 1156 done, 57800000 rows so far, 613.0s elapsed
playback_events: batch 1157 done, 57850000 rows so far, 615.3s elapsed
playback_events: batch 1158 done, 57900000 rows so far, 615.9s elapsed
playback_events: batch 1159 done, 57950000 rows so far, 616.2s elapsed
playback_events: batch 1160 done, 58000000 rows so far, 616.7s elapsed
playback_events: batch 1161 done, 58050000 rows so far, 617.2s elapsed
playback_events: batch 1162 done, 58100000 rows so far, 617.6s elapsed
playback_events: batch 1163 done, 58150000 rows so far, 618.0s elapsed
playback_events: batch 1164 done, 58200000 rows so far, 618.4s elapsed
playback_events: batch 1165 done, 58250000 rows so far, 618.8s elapsed
playback_events: batch 1166 done, 58300000 rows so far, 619.2s elapsed
playback_events: batch 1167 done, 58350000 rows so far, 619.5s elapsed
playback_events: batch 1168 done, 58400000 rows so far, 619.8s elapsed
playback_events: batch 1169 done, 58450000 rows so far, 620.1s elapsed
playback_events: batch 1170 done, 58500000 rows so far, 620.4s elapsed
playback_events: batch 1171 done, 58550000 rows so far, 620.9s elapsed
playback_events: batch 1172 done, 58600000 rows so far, 621.3s elapsed
playback_events: batch 1173 done, 58650000 rows so far, 621.7s elapsed
playback_events: batch 1174 done, 58700000 rows so far, 622.0s elapsed
playback_events: batch 1175 done, 58750000 rows so far, 622.3s elapsed
playback_events: batch 1176 done, 58800000 rows so far, 622.6s elapsed
playback_events: batch 1177 done, 58850000 rows so far, 623.0s elapsed
playback_events: batch 1178 done, 58900000 rows so far, 623.6s elapsed
playback_events: batch 1179 done, 58950000 rows so far, 623.9s elapsed
playback_events: batch 1180 done, 59000000 rows so far, 624.2s elapsed
playback_events: batch 1181 done, 59050000 rows so far, 624.4s elapsed
playback_events: batch 1182 done, 59100000 rows so far, 624.8s elapsed
playback_events: batch 1183 done, 59150000 rows so far, 625.3s elapsed
playback_events: batch 1184 done, 59200000 rows so far, 625.8s elapsed
playback_events: batch 1185 done, 59250000 rows so far, 626.2s elapsed
playback_events: batch 1186 done, 59300000 rows so far, 626.6s elapsed
playback_events: batch 1187 done, 59350000 rows so far, 627.0s elapsed
playback_events: batch 1188 done, 59400000 rows so far, 627.4s elapsed
playback_events: batch 1189 done, 59450000 rows so far, 627.9s elapsed
playback_events: batch 1190 done, 59500000 rows so far, 628.5s elapsed
playback_events: batch 1191 done, 59550000 rows so far, 629.1s elapsed
playback_events: batch 1192 done, 59600000 rows so far, 629.6s elapsed
playback_events: batch 1193 done, 59650000 rows so far, 630.0s elapsed
playback_events: batch 1194 done, 59700000 rows so far, 630.5s elapsed
playback_events: batch 1195 done, 59750000 rows so far, 631.0s elapsed
playback_events: batch 1196 done, 59800000 rows so far, 631.5s elapsed
playback_events: batch 1197 done, 59850000 rows so far, 632.1s elapsed
playback_events: batch 1198 done, 59900000 rows so far, 632.6s elapsed
playback_events: batch 1199 done, 59950000 rows so far, 633.0s elapsed
playback_events: batch 1200 done, 60000000 rows so far, 634.4s elapsed
playback_events: batch 1201 done, 60050000 rows so far, 635.1s elapsed
playback_events: batch 1202 done, 60100000 rows so far, 635.4s elapsed
playback_events: batch 1203 done, 60150000 rows so far, 635.8s elapsed
playback_events: batch 1204 done, 60200000 rows so far, 636.2s elapsed
playback_events: batch 1205 done, 60250000 rows so far, 636.8s elapsed
playback_events: batch 1206 done, 60300000 rows so far, 637.5s elapsed
playback_events: batch 1207 done, 60350000 rows so far, 637.8s elapsed
playback_events: batch 1208 done, 60400000 rows so far, 638.3s elapsed
playback_events: batch 1209 done, 60450000 rows so far, 638.7s elapsed
playback_events: batch 1210 done, 60500000 rows so far, 639.2s elapsed
playback_events: batch 1211 done, 60550000 rows so far, 639.7s elapsed
playback_events: batch 1212 done, 60600000 rows so far, 640.3s elapsed
playback_events: batch 1213 done, 60650000 rows so far, 641.7s elapsed
playback_events: batch 1214 done, 60700000 rows so far, 642.3s elapsed
playback_events: batch 1215 done, 60750000 rows so far, 643.0s elapsed
playback_events: batch 1216 done, 60800000 rows so far, 643.5s elapsed
playback_events: batch 1217 done, 60850000 rows so far, 644.0s elapsed
playback_events: batch 1218 done, 60900000 rows so far, 644.3s elapsed
playback_events: batch 1219 done, 60950000 rows so far, 644.6s elapsed
playback_events: batch 1220 done, 61000000 rows so far, 644.9s elapsed
playback_events: batch 1221 done, 61050000 rows so far, 645.6s elapsed
playback_events: batch 1222 done, 61100000 rows so far, 646.0s elapsed
playback_events: batch 1223 done, 61150000 rows so far, 646.3s elapsed
playback_events: batch 1224 done, 61200000 rows so far, 646.7s elapsed
playback_events: batch 1225 done, 61250000 rows so far, 646.9s elapsed
playback_events: batch 1226 done, 61300000 rows so far, 647.3s elapsed
playback_events: batch 1227 done, 61350000 rows so far, 647.6s elapsed
playback_events: batch 1228 done, 61400000 rows so far, 648.1s elapsed
playback_events: batch 1229 done, 61450000 rows so far, 648.5s elapsed
playback_events: batch 1230 done, 61500000 rows so far, 648.8s elapsed
playback_events: batch 1231 done, 61550000 rows so far, 649.2s elapsed
playback_events: batch 1232 done, 61600000 rows so far, 649.7s elapsed
playback_events: batch 1233 done, 61650000 rows so far, 650.1s elapsed
playback_events: batch 1234 done, 61700000 rows so far, 650.7s elapsed
playback_events: batch 1235 done, 61750000 rows so far, 651.5s elapsed
playback_events: batch 1236 done, 61800000 rows so far, 651.9s elapsed
playback_events: batch 1237 done, 61850000 rows so far, 652.5s elapsed
playback_events: batch 1238 done, 61900000 rows so far, 652.8s elapsed
playback_events: batch 1239 done, 61950000 rows so far, 653.2s elapsed
playback_events: batch 1240 done, 62000000 rows so far, 653.5s elapsed
playback_events: batch 1241 done, 62050000 rows so far, 654.1s elapsed
playback_events: batch 1242 done, 62100000 rows so far, 654.4s elapsed
playback_events: batch 1243 done, 62150000 rows so far, 654.7s elapsed
playback_events: batch 1244 done, 62200000 rows so far, 655.1s elapsed
playback_events: batch 1245 done, 62250000 rows so far, 655.4s elapsed
playback_events: batch 1246 done, 62300000 rows so far, 655.7s elapsed
playback_events: batch 1247 done, 62350000 rows so far, 656.1s elapsed
playback_events: batch 1248 done, 62400000 rows so far, 656.4s elapsed
playback_events: batch 1249 done, 62450000 rows so far, 656.7s elapsed
playback_events: batch 1250 done, 62500000 rows so far, 656.9s elapsed
playback_events: batch 1251 done, 62550000 rows so far, 657.1s elapsed
playback_events: batch 1252 done, 62600000 rows so far, 657.5s elapsed
playback_events: batch 1253 done, 62650000 rows so far, 657.9s elapsed
playback_events: batch 1254 done, 62700000 rows so far, 658.4s elapsed
playback_events: batch 1255 done, 62750000 rows so far, 658.9s elapsed
playback_events: batch 1256 done, 62800000 rows so far, 659.3s elapsed
playback_events: batch 1257 done, 62850000 rows so far, 659.7s elapsed
playback_events: batch 1258 done, 62900000 rows so far, 660.2s elapsed
playback_events: batch 1259 done, 62950000 rows so far, 660.7s elapsed
playback_events: batch 1260 done, 63000000 rows so far, 661.2s elapsed
playback_events: batch 1261 done, 63050000 rows so far, 661.6s elapsed
playback_events: batch 1262 done, 63100000 rows so far, 662.1s elapsed
playback_events: batch 1263 done, 63150000 rows so far, 662.6s elapsed
playback_events: batch 1264 done, 63200000 rows so far, 663.0s elapsed
playback_events: batch 1265 done, 63250000 rows so far, 663.2s elapsed
playback_events: batch 1266 done, 63300000 rows so far, 663.5s elapsed
playback_events: batch 1267 done, 63350000 rows so far, 664.0s elapsed
playback_events: batch 1268 done, 63400000 rows so far, 664.3s elapsed
playback_events: batch 1269 done, 63450000 rows so far, 664.7s elapsed
playback_events: batch 1270 done, 63500000 rows so far, 665.1s elapsed
playback_events: batch 1271 done, 63550000 rows so far, 665.4s elapsed
playback_events: batch 1272 done, 63600000 rows so far, 665.7s elapsed
playback_events: batch 1273 done, 63650000 rows so far, 666.6s elapsed
playback_events: batch 1274 done, 63700000 rows so far, 666.9s elapsed
playback_events: batch 1275 done, 63750000 rows so far, 667.3s elapsed
playback_events: batch 1276 done, 63800000 rows so far, 667.7s elapsed
playback_events: batch 1277 done, 63847247 rows so far, 668.1s elapsed
done in 678.8s: playback_events=63847247, qoe_rollup_5m=11384665, titles=500, subscribers=20000, change_log=3
Load complete in 678.8s. Row counts: {'playback_events': 63847247, 'qoe_rollup_5m': 11384665, 'titles': 500, 'subscribers': 20000, 'change_log': 3}
